../ieee_802.15.4/phy/source/MKW41Z/PhyTime.c:75:6:PhyTimeSetEventTrigger	24	static
../ieee_802.15.4/phy/source/MKW41Z/PhyTime.c:109:6:PhyTimeDisableEventTrigger	16	static
../ieee_802.15.4/phy/source/MKW41Z/PhyTime.c:138:6:PhyTimeSetEventTimeout	24	static
../ieee_802.15.4/phy/source/MKW41Z/PhyTime.c:177:11:PhyTimeGetEventTimeout	8	static
../ieee_802.15.4/phy/source/MKW41Z/PhyTime.c:186:6:PhyTimeDisableEventTimeout	16	static
../ieee_802.15.4/phy/source/MKW41Z/PhyTime.c:213:6:PhyTimeReadClock	16	static
../ieee_802.15.4/phy/source/MKW41Z/PhyTime.c:234:6:PhyTimeInitEventTimer	16	static
../ieee_802.15.4/phy/source/MKW41Z/PhyTime.c:259:6:PhyTimeSetWaitTimeout	24	static
../ieee_802.15.4/phy/source/MKW41Z/PhyTime.c:289:6:PhyTimeDisableWaitTimeout	16	static
../ieee_802.15.4/phy/source/MKW41Z/PhyTime.c:314:6:PhyTimeSetWakeUpTime	24	static
../ieee_802.15.4/phy/source/MKW41Z/PhyTime.c:346:8:PhyTimeIsWakeUpTimeExpired	16	static
../ieee_802.15.4/phy/source/MKW41Z/PhyTime.c:383:6:PhyTime_ISR	8	static
../ieee_802.15.4/phy/source/MKW41Z/PhyTime.c:407:17:PhyTime_TimerInit	24	static
../ieee_802.15.4/phy/source/MKW41Z/PhyTime.c:437:11:PhyTime_GetTimestamp	32	static
../ieee_802.15.4/phy/source/MKW41Z/PhyTime.c:465:18:PhyTime_ScheduleEvent	24	static
../ieee_802.15.4/phy/source/MKW41Z/PhyTime.c:519:17:PhyTime_CancelEvent	24	static
../ieee_802.15.4/phy/source/MKW41Z/PhyTime.c:557:17:PhyTime_CancelEventsWithParam	24	static
../ieee_802.15.4/phy/source/MKW41Z/PhyTime.c:591:6:PhyTime_RunCallback	16	static
../ieee_802.15.4/phy/source/MKW41Z/PhyTime.c:625:6:PhyTime_Maintenance	24	static
../ieee_802.15.4/phy/source/MKW41Z/PhyTime.c:681:13:PhyTime_OverflowCB	16	static
../ieee_802.15.4/phy/source/MKW41Z/PhyTime.c:699:24:PhyTime_GetNextEvent	16	static
