../framework/XCVR/MKW41Z4/fsl_xcvr_trim.c:81:9:rx_bba_dcoc_dac_trim_shortIQ	128	static
../framework/XCVR/MKW41Z4/fsl_xcvr_trim.c:267:6:DC_Measure_short	40	static
../framework/XCVR/MKW41Z4/fsl_xcvr_trim.c:311:7:calc_dcoc_dac_step	24	static
../framework/XCVR/MKW41Z4/fsl_xcvr_trim.c:334:6:XcvrCalDelay	16	static
../framework/XCVR/MKW41Z4/fsl_xcvr_trim.c:349:6:rx_dc_sample_average	56	static
../framework/XCVR/MKW41Z4/fsl_xcvr_trim.c:421:6:rx_dc_sample_average_long	56	static
../framework/XCVR/MKW41Z4/fsl_xcvr_trim.c:491:6:rx_dc_est_average	40	static
../framework/XCVR/MKW41Z4/fsl_xcvr_trim.c:541:9:rx_bba_dcoc_dac_trim_DCest	144	static
../framework/XCVR/MKW41Z4/fsl_xcvr_trim.c:740:6:DCOC_DAC_INIT_Cal	80	static
../framework/XCVR/MKW41Z4/fsl_xcvr_trim.c:976:6:force_rx_init_pulse	8	static
